
Memory Configuration

Name             Origin             Length             Attributes
*default*        0x0000000000000000 0xffffffffffffffff

Linker script and memory map

LOAD crt0.o
LOAD hello_world.o
                0x0000000000000020                __stack_size = 0x20
                0x0000000000010000                . = 0x10000

.text           0x0000000000010000       0xac
                0x0000000000010000                . = __start
                0x0000000000010000                . = ALIGN (0x4)
 *(.text)
 .text          0x0000000000010000       0x8c crt0.o
                0x0000000000010000                __start
                0x000000000001000c                _main
                0x0000000000010060                _Exit
 .text          0x000000000001008c       0x20 hello_world.o
                0x000000000001008c                main

.rela.dyn       0x00000000000100ac        0x0
 .rela.text     0x00000000000100ac        0x0 crt0.o
                0x0000000000020000                . = 0x20000

.data           0x0000000000020000        0x0
                0x0000000000020000                __data_start = .
 *(.data*)
 .data          0x0000000000020000        0x0 crt0.o
 .data          0x0000000000020000        0x0 hello_world.o
 *(.ro.data*)

.bss            0x0000000000020000       0x20
                0x0000000000020000                __sbss = .
                0x0000000000020000                . = ALIGN (0x4)
                0x0000000000020000                __sstack = .
                0x0000000000020020                . = (. + __stack_size)
 *fill*         0x0000000000020000       0x20 
                0x0000000000020020                . = ALIGN (0x4)
                0x0000000000020020                __estack = .
                0x0000000000020020                __ebss = .
 .bss           0x0000000000020020        0x0 crt0.o
 .bss           0x0000000000020020        0x0 hello_world.o
OUTPUT(hello_world.elf elf32-littleriscv)

.comment        0x0000000000000000        0xf
 .comment       0x0000000000000000        0xf crt0.o
                                         0x10 (size before relaxing)
 .comment       0x000000000000000f       0x10 hello_world.o

.riscv.attributes
                0x0000000000000000       0x1c
 .riscv.attributes
                0x0000000000000000       0x1c crt0.o
 .riscv.attributes
                0x000000000000001c       0x1c hello_world.o
